nohup: ignoring input
task12345: episode 0 -> 0 (248 frames)
task12345: episode 1 -> 1 (203 frames)
task12345: episode 2 -> 2 (219 frames)
task12345: episode 3 -> 3 (199 frames)
task12345: episode 4 -> 4 (219 frames)
task12345: episode 5 -> 5 (201 frames)
task12345: episode 6 -> 6 (194 frames)
task12345: episode 7 -> 7 (207 frames)
task12345: episode 8 -> 8 (179 frames)
task12345: episode 9 -> 9 (168 frames)
task12345: episode 10 -> 10 (213 frames)
task12345: episode 11 -> 11 (218 frames)
task12345: episode 12 -> 12 (202 frames)
task12345: episode 13 -> 13 (187 frames)
task12345: episode 14 -> 14 (183 frames)
task12345: episode 15 -> 15 (230 frames)
task12345: episode 16 -> 16 (181 frames)
task12345: episode 17 -> 17 (153 frames)
task12345: episode 18 -> 18 (154 frames)
task12345: episode 19 -> 19 (165 frames)
task12345: episode 20 -> 20 (159 frames)
task12345: episode 21 -> 21 (162 frames)
task12345: episode 22 -> 22 (138 frames)
task12345: episode 23 -> 23 (143 frames)
task12345: episode 24 -> 24 (167 frames)
task12345: episode 25 -> 25 (154 frames)
task12345: episode 26 -> 26 (130 frames)
task12345: episode 27 -> 27 (142 frames)
task12345: episode 28 -> 28 (137 frames)
task12345: episode 29 -> 29 (145 frames)
task12345: episode 30 -> 30 (142 frames)
task12345: episode 31 -> 31 (143 frames)
task12345: episode 32 -> 32 (138 frames)
task12345: episode 33 -> 33 (152 frames)
task12345: episode 34 -> 34 (137 frames)
task12345: episode 35 -> 35 (142 frames)
task12345: episode 36 -> 36 (141 frames)
task12345: episode 37 -> 37 (176 frames)
task12345: episode 38 -> 38 (133 frames)
task12345: episode 39 -> 39 (154 frames)
task12345: episode 40 -> 40 (181 frames)
task12345: episode 41 -> 41 (151 frames)
task12345: episode 42 -> 42 (175 frames)
task12345: episode 43 -> 43 (168 frames)
task12345: episode 44 -> 44 (139 frames)
task12345: episode 45 -> 45 (132 frames)
task12345: episode 46 -> 46 (159 frames)
task12345: episode 47 -> 47 (151 frames)
task12345: episode 48 -> 48 (165 frames)
task12345: episode 49 -> 49 (167 frames)
task12345: episode 50 -> 50 (179 frames)
task12345: episode 51 -> 51 (145 frames)
task12345: episode 52 -> 52 (157 frames)
task12345: episode 53 -> 53 (154 frames)
task12345: episode 54 -> 54 (133 frames)
task12345: episode 55 -> 55 (170 frames)
task12345: episode 56 -> 56 (147 frames)
task12345: episode 57 -> 57 (159 frames)
task12345: episode 58 -> 58 (191 frames)
task12345: episode 59 -> 59 (170 frames)
task12345: episode 60 -> 60 (163 frames)
task12345: episode 61 -> 61 (208 frames)
task12345: episode 62 -> 62 (172 frames)
task12345: episode 63 -> 63 (143 frames)
task12345: episode 64 -> 64 (175 frames)
task12345: episode 65 -> 65 (156 frames)
task12345: episode 66 -> 66 (170 frames)
task12345: episode 67 -> 67 (193 frames)
task12345: episode 68 -> 68 (154 frames)
task12345: episode 69 -> 69 (166 frames)
task12345: episode 70 -> 70 (180 frames)
task12345: episode 71 -> 71 (165 frames)
task12345: episode 72 -> 72 (161 frames)
task12345: episode 73 -> 73 (175 frames)
task12345: episode 74 -> 74 (193 frames)
task12345: episode 75 -> 75 (180 frames)
task12345: episode 76 -> 76 (153 frames)
task12345: episode 77 -> 77 (142 frames)
task12345: episode 78 -> 78 (169 frames)
task12345: episode 79 -> 79 (165 frames)
task12345: episode 80 -> 80 (168 frames)
task12345: episode 81 -> 81 (161 frames)
task12345: episode 82 -> 82 (158 frames)
task12345: episode 83 -> 83 (136 frames)
task12345: episode 84 -> 84 (151 frames)
task12345: episode 85 -> 85 (125 frames)
task12345: episode 86 -> 86 (160 frames)
task12345: episode 87 -> 87 (154 frames)
task12345: episode 88 -> 88 (151 frames)
task12345: episode 89 -> 89 (144 frames)
task12345: episode 90 -> 90 (157 frames)
task12345: episode 91 -> 91 (159 frames)
task12345: episode 92 -> 92 (134 frames)
task12345: episode 93 -> 93 (148 frames)
task12345: episode 94 -> 94 (141 frames)
task12345: episode 95 -> 95 (172 frames)
task12345: episode 96 -> 96 (155 frames)
task12345: episode 97 -> 97 (170 frames)
task12345: episode 98 -> 98 (144 frames)
task12345: episode 99 -> 99 (135 frames)
task12345: episode 100 -> 100 (161 frames)
task12345: episode 101 -> 101 (172 frames)
task12345: episode 102 -> 102 (152 frames)
task12345: episode 103 -> 103 (151 frames)
task12345: episode 104 -> 104 (162 frames)
task12345: episode 105 -> 105 (162 frames)
task12345: episode 106 -> 106 (157 frames)
task12345: episode 107 -> 107 (174 frames)
task12345: episode 108 -> 108 (146 frames)
task12345: episode 109 -> 109 (384 frames)
task12345: episode 110 -> 110 (387 frames)
task12345: episode 111 -> 111 (420 frames)
task12345: episode 112 -> 112 (423 frames)
task12345: episode 113 -> 113 (397 frames)
task12345: episode 114 -> 114 (373 frames)
task12345: episode 115 -> 115 (389 frames)
task12345: episode 116 -> 116 (408 frames)
task12345: episode 117 -> 117 (408 frames)
task12345: episode 118 -> 118 (387 frames)
task12345: episode 119 -> 119 (324 frames)
task12345: episode 120 -> 120 (342 frames)
task12345: episode 121 -> 121 (362 frames)
task12345: episode 122 -> 122 (383 frames)
task12345: episode 123 -> 123 (380 frames)
task12345: episode 124 -> 124 (407 frames)
task12345: episode 125 -> 125 (366 frames)
task12345: episode 126 -> 126 (360 frames)
task12345: episode 127 -> 127 (338 frames)
task12345: episode 128 -> 128 (396 frames)
task12345: episode 129 -> 129 (383 frames)
task12345: episode 130 -> 130 (380 frames)
task12345: episode 131 -> 131 (354 frames)
task12345: episode 132 -> 132 (352 frames)
task12345: episode 133 -> 133 (413 frames)
task12345: episode 134 -> 134 (366 frames)
task12345: episode 135 -> 135 (426 frames)
task12345: episode 136 -> 136 (350 frames)
task12345: episode 137 -> 137 (374 frames)
task12345: episode 138 -> 138 (406 frames)
task12345: episode 139 -> 139 (376 frames)
task12345: episode 140 -> 140 (381 frames)
task12345: episode 141 -> 141 (369 frames)
task12345: episode 142 -> 142 (355 frames)
task12345: episode 143 -> 143 (340 frames)
task12345: episode 144 -> 144 (343 frames)
task12345: episode 145 -> 145 (359 frames)
task12345: episode 146 -> 146 (379 frames)
task12345: episode 147 -> 147 (367 frames)
task12345: episode 148 -> 148 (372 frames)
task12345: episode 149 -> 149 (386 frames)
task12345: episode 150 -> 150 (347 frames)
task12345: episode 151 -> 151 (383 frames)
task12345: episode 152 -> 152 (366 frames)
task12345: episode 153 -> 153 (424 frames)
task12345: episode 154 -> 154 (369 frames)
task12345: episode 155 -> 155 (401 frames)
task12345: episode 156 -> 156 (387 frames)
task12345: episode 157 -> 157 (372 frames)
task12345: episode 158 -> 158 (414 frames)
task12345: episode 159 -> 159 (420 frames)
task12345: episode 160 -> 160 (335 frames)
task12345: episode 161 -> 161 (374 frames)
task12345: episode 162 -> 162 (382 frames)
task12345: episode 163 -> 163 (284 frames)
task12345: episode 164 -> 164 (297 frames)
task12345: episode 165 -> 165 (265 frames)
task12345: episode 166 -> 166 (277 frames)
task12345: episode 167 -> 167 (271 frames)
task12345: episode 168 -> 168 (308 frames)
task12345: episode 169 -> 169 (322 frames)
task12345: episode 170 -> 170 (316 frames)
task12345: episode 171 -> 171 (301 frames)
task12345: episode 172 -> 172 (303 frames)
task12345: episode 173 -> 173 (296 frames)
task12345: episode 174 -> 174 (276 frames)
task12345: episode 175 -> 175 (299 frames)
task12345: episode 176 -> 176 (292 frames)
task12345: episode 177 -> 177 (300 frames)
task12345: episode 178 -> 178 (291 frames)
task12345: episode 179 -> 179 (275 frames)
task12345: episode 180 -> 180 (305 frames)
task12345: episode 181 -> 181 (288 frames)
task12345: episode 182 -> 182 (277 frames)
task12345: episode 183 -> 183 (325 frames)
task12345: episode 184 -> 184 (291 frames)
task12345: episode 185 -> 185 (273 frames)
task12345: episode 186 -> 186 (287 frames)
task12345: episode 187 -> 187 (305 frames)
task12345: episode 188 -> 188 (305 frames)
task12345: episode 189 -> 189 (322 frames)
task12345: episode 190 -> 190 (296 frames)
task12345: episode 191 -> 191 (295 frames)
task12345: episode 192 -> 192 (255 frames)
task12345: episode 193 -> 193 (289 frames)
task12345: episode 194 -> 194 (275 frames)
task12345: episode 195 -> 195 (306 frames)
task12345: episode 196 -> 196 (242 frames)
task12345: episode 197 -> 197 (285 frames)
task12345: episode 198 -> 198 (331 frames)
task12345: episode 199 -> 199 (293 frames)
task12345: episode 200 -> 200 (255 frames)
task12345: episode 201 -> 201 (259 frames)
task12345: episode 202 -> 202 (303 frames)
task12345: episode 203 -> 203 (238 frames)
task12345: episode 204 -> 204 (259 frames)
task12345: episode 205 -> 205 (258 frames)
task12345: episode 206 -> 206 (272 frames)
task12345: episode 207 -> 207 (336 frames)
task12345: episode 208 -> 208 (265 frames)
task12345: episode 209 -> 209 (259 frames)
task12345: episode 210 -> 210 (346 frames)
task12345: episode 211 -> 211 (279 frames)
task12345: episode 212 -> 212 (276 frames)
task12345: episode 213 -> 213 (562 frames)
task12345: episode 214 -> 214 (629 frames)
task12345: episode 215 -> 215 (299 frames)
task12345: episode 216 -> 216 (236 frames)
task12345: episode 217 -> 217 (252 frames)
task12345: episode 218 -> 218 (264 frames)
task12345: episode 219 -> 219 (231 frames)
task12345: episode 220 -> 220 (188 frames)
task12345: episode 221 -> 221 (206 frames)
task12345: episode 222 -> 222 (202 frames)
task12345: episode 223 -> 223 (195 frames)
task12345: episode 224 -> 224 (231 frames)
task12345: episode 225 -> 225 (245 frames)
task12345: episode 226 -> 226 (212 frames)
task12345: episode 227 -> 227 (270 frames)
task12345: episode 228 -> 228 (257 frames)
task12345: episode 229 -> 229 (269 frames)
task12345: episode 230 -> 230 (275 frames)
task12345: episode 231 -> 231 (224 frames)
task12345: episode 232 -> 232 (251 frames)
task12345: episode 233 -> 233 (251 frames)
task12345: episode 234 -> 234 (262 frames)
task12345: episode 235 -> 235 (224 frames)
task12345: episode 236 -> 236 (210 frames)
task12345: episode 237 -> 237 (190 frames)
task12345: episode 238 -> 238 (207 frames)
task12345: episode 239 -> 239 (250 frames)
task12345: episode 240 -> 240 (233 frames)
task12345: episode 241 -> 241 (299 frames)
task12345: episode 242 -> 242 (301 frames)
task12345: episode 243 -> 243 (269 frames)
task12345: episode 244 -> 244 (264 frames)
task12345: episode 245 -> 245 (249 frames)
task12345: episode 246 -> 246 (296 frames)
task12345: episode 247 -> 247 (247 frames)
task12345: episode 248 -> 248 (244 frames)
task12345: episode 249 -> 249 (275 frames)
task12345: episode 250 -> 250 (290 frames)
task12345: episode 251 -> 251 (265 frames)
task12345: episode 252 -> 252 (266 frames)
task12345: episode 253 -> 253 (266 frames)
task12345: episode 254 -> 254 (236 frames)
task12345: episode 255 -> 255 (294 frames)
task12345: episode 256 -> 256 (252 frames)
task12345: episode 257 -> 257 (296 frames)
task12345: episode 258 -> 258 (336 frames)
task12345: episode 259 -> 259 (309 frames)
task12345: episode 260 -> 260 (224 frames)
task12345: episode 261 -> 261 (249 frames)
task12345: episode 262 -> 262 (274 frames)
task12345: episode 263 -> 263 (224 frames)
task12345: episode 264 -> 264 (236 frames)
task12345: episode 265 -> 265 (236 frames)
task12345: episode 266 -> 266 (237 frames)
task12345: episode 267 -> 267 (273 frames)
task12345: episode 268 -> 268 (242 frames)
task12345: episode 269 -> 269 (208 frames)
task12345: episode 270 -> 270 (273 frames)
task12345: episode 271 -> 271 (235 frames)
task12345: episode 272 -> 272 (267 frames)
task12345: episode 273 -> 273 (214 frames)
task12345: episode 274 -> 274 (228 frames)
task12345: episode 275 -> 275 (195 frames)
task12345: episode 276 -> 276 (232 frames)
task12345: episode 277 -> 277 (226 frames)
task12345: episode 278 -> 278 (220 frames)
task12345: episode 279 -> 279 (219 frames)
task12345: episode 280 -> 280 (248 frames)
task12345: episode 281 -> 281 (264 frames)
task12345: episode 282 -> 282 (231 frames)
task12345: episode 283 -> 283 (276 frames)
task12345: episode 284 -> 284 (252 frames)
task12345: episode 285 -> 285 (269 frames)
task12345: episode 286 -> 286 (248 frames)
task12345: episode 287 -> 287 (254 frames)
task12345: episode 288 -> 288 (246 frames)
task12345: episode 289 -> 289 (245 frames)
task12345: episode 290 -> 290 (265 frames)
task12345: episode 291 -> 291 (200 frames)
task12345: episode 292 -> 292 (226 frames)
task12345: episode 293 -> 293 (229 frames)
task12345: episode 294 -> 294 (231 frames)
task12345: episode 295 -> 295 (247 frames)
task12345: episode 296 -> 296 (219 frames)
task12345: episode 297 -> 297 (219 frames)
task12345: episode 298 -> 298 (218 frames)
task12345: episode 299 -> 299 (201 frames)
task12345: episode 300 -> 300 (222 frames)
task12345: episode 301 -> 301 (203 frames)
task12345: episode 302 -> 302 (210 frames)
task12345: episode 303 -> 303 (210 frames)
task12345: episode 304 -> 304 (203 frames)
task12345: episode 305 -> 305 (200 frames)
task12345: episode 306 -> 306 (181 frames)
task12345: episode 307 -> 307 (207 frames)
task12345: episode 308 -> 308 (195 frames)
task12345: episode 309 -> 309 (234 frames)
task12345: episode 310 -> 310 (226 frames)
task12345: episode 311 -> 311 (232 frames)
task12345: episode 312 -> 312 (216 frames)
task12345: episode 313 -> 313 (261 frames)
task12345: episode 314 -> 314 (236 frames)
task12345: episode 315 -> 315 (143 frames)
task12345: episode 316 -> 316 (172 frames)
task12345: episode 317 -> 317 (150 frames)
task12345: episode 318 -> 318 (147 frames)
task12345: episode 319 -> 319 (140 frames)
task12345: episode 320 -> 320 (142 frames)
task12345: episode 321 -> 321 (141 frames)
task12345: episode 322 -> 322 (121 frames)
task12345: episode 323 -> 323 (137 frames)
task12345: episode 324 -> 324 (160 frames)
task12345: episode 325 -> 325 (156 frames)
task12345: episode 326 -> 326 (176 frames)
task12345: episode 327 -> 327 (153 frames)
task12345: episode 328 -> 328 (150 frames)
task12345: episode 329 -> 329 (107 frames)
task12345: episode 330 -> 330 (124 frames)
task12345: episode 331 -> 331 (120 frames)
task12345: episode 332 -> 332 (113 frames)
task12345: episode 333 -> 333 (130 frames)
task12345: episode 334 -> 334 (146 frames)
task12345: episode 335 -> 335 (129 frames)
task12345: episode 336 -> 336 (144 frames)
task12345: episode 337 -> 337 (122 frames)
task12345: episode 338 -> 338 (123 frames)
task12345: episode 339 -> 339 (142 frames)
task12345: episode 340 -> 340 (170 frames)
task12345: episode 341 -> 341 (188 frames)
task12345: episode 342 -> 342 (147 frames)
task12345: episode 343 -> 343 (143 frames)
task12345: episode 344 -> 344 (225 frames)
task12345: episode 345 -> 345 (129 frames)
task12345: episode 346 -> 346 (133 frames)
task12345: episode 347 -> 347 (127 frames)
task12345: episode 348 -> 348 (170 frames)
task12345: episode 349 -> 349 (161 frames)
task12345: episode 350 -> 350 (193 frames)
task12345: episode 351 -> 351 (172 frames)
task12345: episode 352 -> 352 (207 frames)
task12345: episode 353 -> 353 (176 frames)
task12345: episode 354 -> 354 (196 frames)
task12345: episode 355 -> 355 (141 frames)
task12345: episode 356 -> 356 (134 frames)
task12345: episode 357 -> 357 (130 frames)
task12345: episode 358 -> 358 (147 frames)
task12345: episode 359 -> 359 (146 frames)
task12345: episode 360 -> 360 (159 frames)
task12345: episode 361 -> 361 (119 frames)
task12345: episode 362 -> 362 (177 frames)
task12345: episode 363 -> 363 (154 frames)
task12345: episode 364 -> 364 (147 frames)
task12345: episode 365 -> 365 (178 frames)
task12345: episode 366 -> 366 (163 frames)
task12345: episode 367 -> 367 (186 frames)
task12345: episode 368 -> 368 (138 frames)
task12345: episode 369 -> 369 (184 frames)
task12345: episode 370 -> 370 (188 frames)
task12345: episode 371 -> 371 (189 frames)
task12345: episode 372 -> 372 (140 frames)
task12345: episode 373 -> 373 (180 frames)
task12345: episode 374 -> 374 (206 frames)
task12345: episode 375 -> 375 (195 frames)
task12345: episode 376 -> 376 (211 frames)
task12345: episode 377 -> 377 (197 frames)
task12345: episode 378 -> 378 (204 frames)
task12345: episode 379 -> 379 (151 frames)
task12345: episode 380 -> 380 (186 frames)
task12345: episode 381 -> 381 (185 frames)
task12345: episode 382 -> 382 (195 frames)
task12345: episode 383 -> 383 (198 frames)
task12345: episode 384 -> 384 (190 frames)
task12345: episode 385 -> 385 (169 frames)
task12345: episode 386 -> 386 (210 frames)
task12345: episode 387 -> 387 (190 frames)
task12345: episode 388 -> 388 (192 frames)
task12345: episode 389 -> 389 (194 frames)
task12345: episode 390 -> 390 (199 frames)
task12345: episode 391 -> 391 (206 frames)
task12345: episode 392 -> 392 (191 frames)
task12345: episode 393 -> 393 (196 frames)
task12345: episode 394 -> 394 (212 frames)
task12345: episode 395 -> 395 (195 frames)
task12345: episode 396 -> 396 (191 frames)
task12345: episode 397 -> 397 (206 frames)
task12345: episode 398 -> 398 (269 frames)
task12345: episode 399 -> 399 (208 frames)
task12345: episode 400 -> 400 (241 frames)
task12345: episode 401 -> 401 (226 frames)
task12345: episode 402 -> 402 (201 frames)
task12345: episode 403 -> 403 (155 frames)
task12345: episode 404 -> 404 (166 frames)
task12345: episode 405 -> 405 (208 frames)
task12345: episode 406 -> 406 (177 frames)
task12345: episode 407 -> 407 (183 frames)
task12345: episode 408 -> 408 (195 frames)
task12345: episode 409 -> 409 (186 frames)
task12345: episode 410 -> 410 (211 frames)
task12345: episode 411 -> 411 (195 frames)
task12345: episode 412 -> 412 (184 frames)
task12345: episode 413 -> 413 (189 frames)
task12345: episode 414 -> 414 (181 frames)
task12345: episode 415 -> 415 (167 frames)
task12345: episode 416 -> 416 (185 frames)
task12345: episode 417 -> 417 (188 frames)
task12345: episode 418 -> 418 (193 frames)
task12345: episode 419 -> 419 (192 frames)
task12345: episode 420 -> 420 (162 frames)
task12345: episode 421 -> 421 (182 frames)
task12345: episode 422 -> 422 (169 frames)
task12345: episode 423 -> 423 (194 frames)
task12345: episode 424 -> 424 (165 frames)
task12345: episode 425 -> 425 (295 frames)
task12345: episode 426 -> 426 (273 frames)
task12345: episode 427 -> 427 (276 frames)
task12345: episode 428 -> 428 (233 frames)
task12345: episode 429 -> 429 (289 frames)
task12345: episode 430 -> 430 (336 frames)
task12345: episode 431 -> 431 (293 frames)
task12345: episode 432 -> 432 (252 frames)
task12345: episode 433 -> 433 (244 frames)
task12345: episode 434 -> 434 (297 frames)
task12345: episode 435 -> 435 (251 frames)
task12345: episode 436 -> 436 (249 frames)
task12345: episode 437 -> 437 (256 frames)
task12345: episode 438 -> 438 (242 frames)
task12345: episode 439 -> 439 (229 frames)
task12345: episode 440 -> 440 (238 frames)
task12345: episode 441 -> 441 (219 frames)
task12345: episode 442 -> 442 (255 frames)
task12345: episode 443 -> 443 (271 frames)
task12345: episode 444 -> 444 (226 frames)
task12345: episode 445 -> 445 (251 frames)
task12345: episode 446 -> 446 (285 frames)
task12345: episode 447 -> 447 (256 frames)
task12345: episode 448 -> 448 (262 frames)
task12345: episode 449 -> 449 (219 frames)
task12345: episode 450 -> 450 (232 frames)
task12345: episode 451 -> 451 (232 frames)
task12345: episode 452 -> 452 (219 frames)
task12345: episode 453 -> 453 (188 frames)
task12345: episode 454 -> 454 (209 frames)
task12345: episode 455 -> 455 (231 frames)
task12345: episode 456 -> 456 (225 frames)
task12345: episode 457 -> 457 (211 frames)
task12345: episode 458 -> 458 (176 frames)
task12345: episode 459 -> 459 (205 frames)
task12345: episode 460 -> 460 (205 frames)
task12345: episode 461 -> 461 (210 frames)
task12345: episode 462 -> 462 (231 frames)
task12345: episode 463 -> 463 (231 frames)
task12345: episode 464 -> 464 (227 frames)
task12345: episode 465 -> 465 (196 frames)
task12345: episode 466 -> 466 (239 frames)
task12345: episode 467 -> 467 (244 frames)
task12345: episode 468 -> 468 (220 frames)
task12345: episode 469 -> 469 (241 frames)
task12345: episode 470 -> 470 (224 frames)
task12345: episode 471 -> 471 (198 frames)
task12345: episode 472 -> 472 (206 frames)
task12345: episode 473 -> 473 (230 frames)
task12345: episode 474 -> 474 (226 frames)
task12345: episode 475 -> 475 (242 frames)
task12345: episode 476 -> 476 (236 frames)
task12345: episode 477 -> 477 (234 frames)
task12345: episode 478 -> 478 (251 frames)
task12345: episode 479 -> 479 (206 frames)
task12345: episode 480 -> 480 (201 frames)
task12345: episode 481 -> 481 (250 frames)
task12345: episode 482 -> 482 (243 frames)
task12345: episode 483 -> 483 (189 frames)
task12345: episode 484 -> 484 (227 frames)
task12345: episode 485 -> 485 (218 frames)
task12345: episode 486 -> 486 (237 frames)
task12345: episode 487 -> 487 (199 frames)
task12345: episode 488 -> 488 (235 frames)
task12345: episode 489 -> 489 (219 frames)
task12345: episode 490 -> 490 (233 frames)
task12345: episode 491 -> 491 (207 frames)
task12345: episode 492 -> 492 (228 frames)
task12345: episode 493 -> 493 (252 frames)
task12345: episode 494 -> 494 (227 frames)
task12345: episode 495 -> 495 (249 frames)
task12345: episode 496 -> 496 (222 frames)
task12345: episode 497 -> 497 (236 frames)
task12345: episode 498 -> 498 (249 frames)
task12345: episode 499 -> 499 (241 frames)
task12345: episode 500 -> 500 (249 frames)
task12345: episode 501 -> 501 (238 frames)
task12345: episode 502 -> 502 (218 frames)
task12345: episode 503 -> 503 (265 frames)
task12345: episode 504 -> 504 (223 frames)
task12345: episode 505 -> 505 (223 frames)
task12345: episode 506 -> 506 (229 frames)
task12345: episode 507 -> 507 (321 frames)
task12345: episode 508 -> 508 (289 frames)
task12345: episode 509 -> 509 (285 frames)
task12345: episode 510 -> 510 (281 frames)
task12345: episode 511 -> 511 (257 frames)
task12345: episode 512 -> 512 (252 frames)
task12345: episode 513 -> 513 (242 frames)
task12345: episode 514 -> 514 (250 frames)
task12345: episode 515 -> 515 (262 frames)
task12345: episode 516 -> 516 (284 frames)
task12345: episode 517 -> 517 (254 frames)
task12345: episode 518 -> 518 (264 frames)
task12345: episode 519 -> 519 (250 frames)
task12345: episode 520 -> 520 (273 frames)
task12345: episode 521 -> 521 (263 frames)
task12345: episode 522 -> 522 (272 frames)
task12345: episode 523 -> 523 (274 frames)
task12345: episode 524 -> 524 (308 frames)
task12345: episode 525 -> 525 (274 frames)
task12345: episode 526 -> 526 (298 frames)
task12345: episode 527 -> 527 (302 frames)
Traceback (most recent call last):
  File "/workspace/mnt/sqzhang26/FactileLDM/scripts/merge_lerobot_v21_datasets.py", line 309, in <module>
    main()
  File "/workspace/mnt/sqzhang26/FactileLDM/scripts/merge_lerobot_v21_datasets.py", line 224, in main
    for row in read_jsonl(source / "meta" / "episodes_stats.jsonl")
               ^^^^^^^^^^^^^^^^^^^^^^^^^^^^^^^^^^^^^^^^^^^^^^^^^^^^
  File "/workspace/mnt/sqzhang26/FactileLDM/scripts/merge_lerobot_v21_datasets.py", line 42, in read_jsonl
    return [json.loads(line) for line in file if line.strip()]
           ^^^^^^^^^^^^^^^^^^^^^^^^^^^^^^^^^^^^^^^^^^^^^^^^^^^
  File "/workspace/mnt/sqzhang26/FactileLDM/scripts/merge_lerobot_v21_datasets.py", line 42, in <listcomp>
    return [json.loads(line) for line in file if line.strip()]
            ^^^^^^^^^^^^^^^^
  File "/opt/conda/lib/python3.11/json/__init__.py", line 346, in loads
    return _default_decoder.decode(s)
           ^^^^^^^^^^^^^^^^^^^^^^^^^^
  File "/opt/conda/lib/python3.11/json/decoder.py", line 337, in decode
    obj, end = self.raw_decode(s, idx=_w(s, 0).end())
               ^^^^^^^^^^^^^^^^^^^^^^^^^^^^^^^^^^^^^^
  File "/opt/conda/lib/python3.11/json/decoder.py", line 353, in raw_decode
    obj, end = self.scan_once(s, idx)
               ^^^^^^^^^^^^^^^^^^^^^^
json.decoder.JSONDecodeError: Expecting ',' delimiter: line 1 column 41943041 (char 41943040)
